// Jest Snapshot v1, https://goo.gl/fbAQLP

exports[`SearchSuggestions renders a list of suggestions 1`] = `
Array [
  <div
    className="search-suggestions"
  >
    <a
      className="search-suggestion"
      href="http://example.com/node/1"
      tabIndex="0"
    >
      <div
        className="search-suggestion__type"
      >
        Topic
      </div>
      <div
        className="search-suggestion__body"
      >
        <div
          className="search-suggestion__label"
        >
          
          <b>
            Open
          </b>
           Social is great for customisable communities
        </div>
      </div>
    </a>
    <a
      className="search-suggestion"
      href="http://example.com/node/2"
      tabIndex="0"
    >
      <div
        className="search-suggestion__type"
      >
        Event
      </div>
      <div
        className="search-suggestion__body"
      >
        <div
          className="search-suggestion__label"
        >
          
          <b>
            Open
          </b>
           Social launching party
        </div>
        <div
          className="search-suggestion__tags"
        >
          <span
            className="search-suggestion__tag badge badge-default badge--pill"
          >
            You are enrolled to this event
          </span>
        </div>
      </div>
    </a>
    <a
      className="search-suggestion"
      href="http://example.com/node/3"
      tabIndex="0"
    >
      <div
        className="search-suggestion__type"
      >
        Event
      </div>
      <div
        className="search-suggestion__body"
      >
        <div
          className="search-suggestion__label"
        >
          GoalGorilla anniversary
        </div>
      </div>
    </a>
  </div>,
  <div
    className="search-suggestions__all"
  >
    <a
      className="btn btn-default btn-raised"
      href="http://example.com/search/base/open"
    >
      See all results
    </a>
  </div>,
]
`;
